---
http_interactions:
- request:
    method: get
    uri: https://myapp-backup-test.s3.ap-southeast-1.amazonaws.com/?encoding-type=url&prefix=my_test_app/website_backup/
    body:
      encoding: ASCII-8BIT
      string: ''
    headers:
      Content-Type:
      - ''
      Accept-Encoding:
      - ''
      User-Agent:
      - aws-sdk-ruby3/3.17.1 ruby/2.3.1 x86_64-darwin17 aws-sdk-s3/1.8.2
      Host:
      - myapp-backup-test.s3.ap-southeast-1.amazonaws.com
      X-Amz-Date:
      - 20180330T125238Z
      X-Amz-Content-Sha256:
      - e3b0c44298fc1c149afbf4c8996fb92427ae41e4649b934ca495991b7852b855
      Authorization:
      - AWS4-HMAC-SHA256 Credential=ASDFASDFASDFASDFAS/20180330/ap-southeast-1/s3/aws4_request,
        SignedHeaders=host;user-agent;x-amz-content-sha256;x-amz-date, Signature=4e043357f6287abfff070a42971f68cdf1edc7b3d2bb1e595b3bc7e2f3aedaf0
      Content-Length:
      - '0'
      Accept:
      - "*/*"
  response:
    status:
      code: 200
      message: OK
    headers:
      X-Amz-Id-2:
      - ohCd4nln7vaaZcrM/LV/qwH3m9wet0XUjIdKtOF4pjnaBKB5D2JtDQOKvWtydFWo7+PhAVZ36v0=
      X-Amz-Request-Id:
      - 1138C50DE61DADB3
      Date:
      - Fri, 30 Mar 2018 12:52:38 GMT
      X-Amz-Bucket-Region:
      - ap-southeast-1
      Content-Type:
      - application/xml
      Transfer-Encoding:
      - chunked
      Server:
      - AmazonS3
    body:
      encoding: UTF-8
      string: |-
        <?xml version="1.0" encoding="UTF-8"?>
        <ListBucketResult xmlns="http://s3.amazonaws.com/doc/2006-03-01/"><Name>myapp-backup-test</Name><Prefix>my_test_app/website_backup/</Prefix><Marker></Marker><MaxKeys>1000</MaxKeys><EncodingType>url</EncodingType><IsTruncated>false</IsTruncated><Contents><Key>my_test_app/website_backup/daily/website_backup.daily.2018-03-29T2300.UTC%2B0800.tgz</Key><LastModified>2018-03-30T12:36:16.000Z</LastModified><ETag>&quot;472b7574d81bdc5fa44919886529897f&quot;</ETag><Size>286</Size><Owner><ID>f42622f3bee310e052766668800f74cbf34ce89773fedfc8ca592f33bf6841fa</ID><DisplayName>vince</DisplayName></Owner><StorageClass>STANDARD_IA</StorageClass></Contents><Contents><Key>my_test_app/website_backup/daily/website_backup.daily.2018-03-30T0400.UTC%2B0800.tgz</Key><LastModified>2018-03-30T12:36:24.000Z</LastModified><ETag>&quot;6bd047fe1f67ec9f3d923a6cd58736b4&quot;</ETag><Size>545</Size><Owner><ID>f42622f3bee310e052766668800f74cbf34ce89773fedfc8ca592f33bf6841fa</ID><DisplayName>vince</DisplayName></Owner><StorageClass>STANDARD_IA</StorageClass></Contents><Contents><Key>my_test_app/website_backup/incremental/website_backup.incremental.2018-03-30T0000.UTC%2B0800.tgz</Key><LastModified>2018-03-30T12:35:01.000Z</LastModified><ETag>&quot;7ad18e5c564ea4cd5135e21b8542220c&quot;</ETag><Size>559</Size><Owner><ID>f42622f3bee310e052766668800f74cbf34ce89773fedfc8ca592f33bf6841fa</ID><DisplayName>vince</DisplayName></Owner><StorageClass>STANDARD_IA</StorageClass></Contents><Contents><Key>my_test_app/website_backup/incremental/website_backup.incremental.2018-03-30T0100.UTC%2B0800.tgz</Key><LastModified>2018-03-30T12:35:09.000Z</LastModified><ETag>&quot;b2b982b8f96fa26020b841c83e20b18c&quot;</ETag><Size>389</Size><Owner><ID>f42622f3bee310e052766668800f74cbf34ce89773fedfc8ca592f33bf6841fa</ID><DisplayName>vince</DisplayName></Owner><StorageClass>STANDARD_IA</StorageClass></Contents><Contents><Key>my_test_app/website_backup/incremental/website_backup.incremental.2018-03-30T0200.UTC%2B0800.tgz</Key><LastModified>2018-03-30T12:35:15.000Z</LastModified><ETag>&quot;134a1a853d6b461a5aadd0e43cdc20e3&quot;</ETag><Size>565</Size><Owner><ID>f42622f3bee310e052766668800f74cbf34ce89773fedfc8ca592f33bf6841fa</ID><DisplayName>vince</DisplayName></Owner><StorageClass>STANDARD_IA</StorageClass></Contents><Contents><Key>my_test_app/website_backup/incremental/website_backup.incremental.2018-03-30T0300.UTC%2B0800.tgz</Key><LastModified>2018-03-30T12:35:25.000Z</LastModified><ETag>&quot;27ba726c2868f1d67f3713c628fad57a&quot;</ETag><Size>540</Size><Owner><ID>f42622f3bee310e052766668800f74cbf34ce89773fedfc8ca592f33bf6841fa</ID><DisplayName>vince</DisplayName></Owner><StorageClass>STANDARD_IA</StorageClass></Contents><Contents><Key>my_test_app/website_backup/incremental/website_backup.incremental.2018-03-30T0500.UTC%2B0800.tgz</Key><LastModified>2018-03-30T12:35:31.000Z</LastModified><ETag>&quot;cb70d602aac185cd590bacbb384afac1&quot;</ETag><Size>231</Size><Owner><ID>f42622f3bee310e052766668800f74cbf34ce89773fedfc8ca592f33bf6841fa</ID><DisplayName>vince</DisplayName></Owner><StorageClass>STANDARD_IA</StorageClass></Contents></ListBucketResult>
    http_version: 
  recorded_at: Fri, 30 Mar 2018 12:52:39 GMT
- request:
    method: get
    uri: https://myapp-backup-test.s3.ap-southeast-1.amazonaws.com/?encoding-type=url&prefix=my_test_app/website_backup/
    body:
      encoding: ASCII-8BIT
      string: ''
    headers:
      Content-Type:
      - ''
      Accept-Encoding:
      - ''
      User-Agent:
      - aws-sdk-ruby3/3.17.1 ruby/2.3.1 x86_64-darwin17 aws-sdk-s3/1.8.2
      Host:
      - myapp-backup-test.s3.ap-southeast-1.amazonaws.com
      X-Amz-Date:
      - 20180330T125239Z
      X-Amz-Content-Sha256:
      - e3b0c44298fc1c149afbf4c8996fb92427ae41e4649b934ca495991b7852b855
      Authorization:
      - AWS4-HMAC-SHA256 Credential=ASDFASDFASDFASDFAS/20180330/ap-southeast-1/s3/aws4_request,
        SignedHeaders=host;user-agent;x-amz-content-sha256;x-amz-date, Signature=22f63e8b468fc179cb67e9a25b41e018ca904b417c8a760703948333e328fbed
      Content-Length:
      - '0'
      Accept:
      - "*/*"
  response:
    status:
      code: 200
      message: OK
    headers:
      X-Amz-Id-2:
      - cqAMS2PWLbiXeTal77344Uv1OIbz35LgC2P/HGqmwHkmPUM5oiCM2Sd/aejdI6c5riWXtiHdg3U=
      X-Amz-Request-Id:
      - 8784C0EA65E5E8FF
      Date:
      - Fri, 30 Mar 2018 12:52:39 GMT
      X-Amz-Bucket-Region:
      - ap-southeast-1
      Content-Type:
      - application/xml
      Transfer-Encoding:
      - chunked
      Server:
      - AmazonS3
    body:
      encoding: UTF-8
      string: |-
        <?xml version="1.0" encoding="UTF-8"?>
        <ListBucketResult xmlns="http://s3.amazonaws.com/doc/2006-03-01/"><Name>myapp-backup-test</Name><Prefix>my_test_app/website_backup/</Prefix><Marker></Marker><MaxKeys>1000</MaxKeys><EncodingType>url</EncodingType><IsTruncated>false</IsTruncated><Contents><Key>my_test_app/website_backup/daily/website_backup.daily.2018-03-29T2300.UTC%2B0800.tgz</Key><LastModified>2018-03-30T12:36:16.000Z</LastModified><ETag>&quot;472b7574d81bdc5fa44919886529897f&quot;</ETag><Size>286</Size><Owner><ID>f42622f3bee310e052766668800f74cbf34ce89773fedfc8ca592f33bf6841fa</ID><DisplayName>vince</DisplayName></Owner><StorageClass>STANDARD_IA</StorageClass></Contents><Contents><Key>my_test_app/website_backup/daily/website_backup.daily.2018-03-30T0400.UTC%2B0800.tgz</Key><LastModified>2018-03-30T12:36:24.000Z</LastModified><ETag>&quot;6bd047fe1f67ec9f3d923a6cd58736b4&quot;</ETag><Size>545</Size><Owner><ID>f42622f3bee310e052766668800f74cbf34ce89773fedfc8ca592f33bf6841fa</ID><DisplayName>vince</DisplayName></Owner><StorageClass>STANDARD_IA</StorageClass></Contents><Contents><Key>my_test_app/website_backup/incremental/website_backup.incremental.2018-03-30T0000.UTC%2B0800.tgz</Key><LastModified>2018-03-30T12:35:01.000Z</LastModified><ETag>&quot;7ad18e5c564ea4cd5135e21b8542220c&quot;</ETag><Size>559</Size><Owner><ID>f42622f3bee310e052766668800f74cbf34ce89773fedfc8ca592f33bf6841fa</ID><DisplayName>vince</DisplayName></Owner><StorageClass>STANDARD_IA</StorageClass></Contents><Contents><Key>my_test_app/website_backup/incremental/website_backup.incremental.2018-03-30T0100.UTC%2B0800.tgz</Key><LastModified>2018-03-30T12:35:09.000Z</LastModified><ETag>&quot;b2b982b8f96fa26020b841c83e20b18c&quot;</ETag><Size>389</Size><Owner><ID>f42622f3bee310e052766668800f74cbf34ce89773fedfc8ca592f33bf6841fa</ID><DisplayName>vince</DisplayName></Owner><StorageClass>STANDARD_IA</StorageClass></Contents><Contents><Key>my_test_app/website_backup/incremental/website_backup.incremental.2018-03-30T0200.UTC%2B0800.tgz</Key><LastModified>2018-03-30T12:35:15.000Z</LastModified><ETag>&quot;134a1a853d6b461a5aadd0e43cdc20e3&quot;</ETag><Size>565</Size><Owner><ID>f42622f3bee310e052766668800f74cbf34ce89773fedfc8ca592f33bf6841fa</ID><DisplayName>vince</DisplayName></Owner><StorageClass>STANDARD_IA</StorageClass></Contents><Contents><Key>my_test_app/website_backup/incremental/website_backup.incremental.2018-03-30T0300.UTC%2B0800.tgz</Key><LastModified>2018-03-30T12:35:25.000Z</LastModified><ETag>&quot;27ba726c2868f1d67f3713c628fad57a&quot;</ETag><Size>540</Size><Owner><ID>f42622f3bee310e052766668800f74cbf34ce89773fedfc8ca592f33bf6841fa</ID><DisplayName>vince</DisplayName></Owner><StorageClass>STANDARD_IA</StorageClass></Contents><Contents><Key>my_test_app/website_backup/incremental/website_backup.incremental.2018-03-30T0500.UTC%2B0800.tgz</Key><LastModified>2018-03-30T12:35:31.000Z</LastModified><ETag>&quot;cb70d602aac185cd590bacbb384afac1&quot;</ETag><Size>231</Size><Owner><ID>f42622f3bee310e052766668800f74cbf34ce89773fedfc8ca592f33bf6841fa</ID><DisplayName>vince</DisplayName></Owner><StorageClass>STANDARD_IA</StorageClass></Contents></ListBucketResult>
    http_version: 
  recorded_at: Fri, 30 Mar 2018 12:52:40 GMT
- request:
    method: get
    uri: https://myapp-backup-test.s3.ap-southeast-1.amazonaws.com/?encoding-type=url&prefix=my_test_app/website_backup/
    body:
      encoding: ASCII-8BIT
      string: ''
    headers:
      Content-Type:
      - ''
      Accept-Encoding:
      - ''
      User-Agent:
      - aws-sdk-ruby3/3.17.1 ruby/2.3.1 x86_64-darwin17 aws-sdk-s3/1.8.2
      Host:
      - myapp-backup-test.s3.ap-southeast-1.amazonaws.com
      X-Amz-Date:
      - 20180330T125240Z
      X-Amz-Content-Sha256:
      - e3b0c44298fc1c149afbf4c8996fb92427ae41e4649b934ca495991b7852b855
      Authorization:
      - AWS4-HMAC-SHA256 Credential=ASDFASDFASDFASDFAS/20180330/ap-southeast-1/s3/aws4_request,
        SignedHeaders=host;user-agent;x-amz-content-sha256;x-amz-date, Signature=00e07ebcd5087bbdf4e45f6b7a444695fec82f7e14a7684389ea3726840838ce
      Content-Length:
      - '0'
      Accept:
      - "*/*"
  response:
    status:
      code: 200
      message: OK
    headers:
      X-Amz-Id-2:
      - Oajv2fNXQ/+GgWO985kSpyyS1eFWS7XOXP13lGfW/V7cirl9nMVrZDTscaDXtiyc3/NR22RRqEI=
      X-Amz-Request-Id:
      - FD661CAEB98157F9
      Date:
      - Fri, 30 Mar 2018 12:52:39 GMT
      X-Amz-Bucket-Region:
      - ap-southeast-1
      Content-Type:
      - application/xml
      Transfer-Encoding:
      - chunked
      Server:
      - AmazonS3
    body:
      encoding: UTF-8
      string: |-
        <?xml version="1.0" encoding="UTF-8"?>
        <ListBucketResult xmlns="http://s3.amazonaws.com/doc/2006-03-01/"><Name>myapp-backup-test</Name><Prefix>my_test_app/website_backup/</Prefix><Marker></Marker><MaxKeys>1000</MaxKeys><EncodingType>url</EncodingType><IsTruncated>false</IsTruncated><Contents><Key>my_test_app/website_backup/daily/website_backup.daily.2018-03-29T2300.UTC%2B0800.tgz</Key><LastModified>2018-03-30T12:36:16.000Z</LastModified><ETag>&quot;472b7574d81bdc5fa44919886529897f&quot;</ETag><Size>286</Size><Owner><ID>f42622f3bee310e052766668800f74cbf34ce89773fedfc8ca592f33bf6841fa</ID><DisplayName>vince</DisplayName></Owner><StorageClass>STANDARD_IA</StorageClass></Contents><Contents><Key>my_test_app/website_backup/daily/website_backup.daily.2018-03-30T0400.UTC%2B0800.tgz</Key><LastModified>2018-03-30T12:36:24.000Z</LastModified><ETag>&quot;6bd047fe1f67ec9f3d923a6cd58736b4&quot;</ETag><Size>545</Size><Owner><ID>f42622f3bee310e052766668800f74cbf34ce89773fedfc8ca592f33bf6841fa</ID><DisplayName>vince</DisplayName></Owner><StorageClass>STANDARD_IA</StorageClass></Contents><Contents><Key>my_test_app/website_backup/incremental/website_backup.incremental.2018-03-30T0000.UTC%2B0800.tgz</Key><LastModified>2018-03-30T12:35:01.000Z</LastModified><ETag>&quot;7ad18e5c564ea4cd5135e21b8542220c&quot;</ETag><Size>559</Size><Owner><ID>f42622f3bee310e052766668800f74cbf34ce89773fedfc8ca592f33bf6841fa</ID><DisplayName>vince</DisplayName></Owner><StorageClass>STANDARD_IA</StorageClass></Contents><Contents><Key>my_test_app/website_backup/incremental/website_backup.incremental.2018-03-30T0100.UTC%2B0800.tgz</Key><LastModified>2018-03-30T12:35:09.000Z</LastModified><ETag>&quot;b2b982b8f96fa26020b841c83e20b18c&quot;</ETag><Size>389</Size><Owner><ID>f42622f3bee310e052766668800f74cbf34ce89773fedfc8ca592f33bf6841fa</ID><DisplayName>vince</DisplayName></Owner><StorageClass>STANDARD_IA</StorageClass></Contents><Contents><Key>my_test_app/website_backup/incremental/website_backup.incremental.2018-03-30T0200.UTC%2B0800.tgz</Key><LastModified>2018-03-30T12:35:15.000Z</LastModified><ETag>&quot;134a1a853d6b461a5aadd0e43cdc20e3&quot;</ETag><Size>565</Size><Owner><ID>f42622f3bee310e052766668800f74cbf34ce89773fedfc8ca592f33bf6841fa</ID><DisplayName>vince</DisplayName></Owner><StorageClass>STANDARD_IA</StorageClass></Contents><Contents><Key>my_test_app/website_backup/incremental/website_backup.incremental.2018-03-30T0300.UTC%2B0800.tgz</Key><LastModified>2018-03-30T12:35:25.000Z</LastModified><ETag>&quot;27ba726c2868f1d67f3713c628fad57a&quot;</ETag><Size>540</Size><Owner><ID>f42622f3bee310e052766668800f74cbf34ce89773fedfc8ca592f33bf6841fa</ID><DisplayName>vince</DisplayName></Owner><StorageClass>STANDARD_IA</StorageClass></Contents><Contents><Key>my_test_app/website_backup/incremental/website_backup.incremental.2018-03-30T0500.UTC%2B0800.tgz</Key><LastModified>2018-03-30T12:35:31.000Z</LastModified><ETag>&quot;cb70d602aac185cd590bacbb384afac1&quot;</ETag><Size>231</Size><Owner><ID>f42622f3bee310e052766668800f74cbf34ce89773fedfc8ca592f33bf6841fa</ID><DisplayName>vince</DisplayName></Owner><StorageClass>STANDARD_IA</StorageClass></Contents></ListBucketResult>
    http_version: 
  recorded_at: Fri, 30 Mar 2018 12:52:41 GMT
recorded_with: VCR 4.0.0
